[participant_agent] Engagement assessment validation failed for mm_fg1_amir; defaulting to stay_silent. See api_calls.jsonl for details.
[participant_agent] Engagement assessment validation failed for mm_fg1_amir; defaulting to stay_silent. See api_calls.jsonl for details.
[participant_agent] Engagement assessment validation failed for mm_fg1_isaiah; defaulting to stay_silent. See api_calls.jsonl for details.
Session macho_meals_fg1_run03 initialised. Participants: Amir, David, Ibrahim, Isaiah, Will
Mode: emergent. Guide sections: 7. Max turns (safety cap): 90
Running opening turn...
  ...step 10, total_turns=11, sections done=1/7
[moderator_brain] Pydantic validation failed: 1 validation error for ModeratorAPIResponse
utterance
  Input should be a valid string [type=string_type, input_value=None, input_type=NoneType]
    For further information visit https://errors.pydantic.dev/2.13/v/string_type
[moderator reflection] strategy_summary exceeded the 80-word target (82 words) at turn 23 — kept as-is, not truncated.
[participant_agent] Engagement assessment validation failed for mm_fg1_isaiah; defaulting to stay_silent. See api_calls.jsonl for details.
[participant_agent] Engagement assessment validation failed for mm_fg1_amir; defaulting to stay_silent. See api_calls.jsonl for details.
[moderator reflection] strategy_summary exceeded the 80-word target (82 words) at turn 31 — kept as-is, not truncated.
[participant_agent] Engagement assessment validation failed for mm_fg1_david; defaulting to stay_silent. See api_calls.jsonl for details.
  ...step 20, total_turns=21, sections done=3/7
  ...step 30, total_turns=31, sections done=5/7
  ...step 40, total_turns=41, sections done=7/7
Guide completed naturally after 40 steps (total_turns=41).
Total turns: 41
Sections completed: 7/7
Saved to: C:\Users\JLARA\Documents\Dissertation\my_qualitative_project\output\session_logs\macho_meals_fg1_run03
