[moderator reflection] strategy_summary exceeded the 80-word target (87 words) at turn 13 — kept as-is, not truncated.
[moderator reflection] strategy_summary exceeded the 80-word target (85 words) at turn 19 — kept as-is, not truncated.
[participant_agent] Engagement assessment validation failed for mm_fg5_fletcher; defaulting to stay_silent. See api_calls.jsonl for details.
[participant_agent] Engagement assessment validation failed for mm_fg5_patrick; defaulting to stay_silent. See api_calls.jsonl for details.
[moderator reflection] discussion_summary exceeded the 80-word target (84 words) at turn 31 — kept as-is, not truncated.
[moderator reflection] strategy_summary exceeded the 80-word target (82 words) at turn 31 — kept as-is, not truncated.
[participant_agent] Engagement assessment validation failed for mm_fg5_fletcher; defaulting to stay_silent. See api_calls.jsonl for details.
[participant_agent] Engagement assessment validation failed for mm_fg5_keith; defaulting to stay_silent. See api_calls.jsonl for details.
[moderator reflection] strategy_summary exceeded the 80-word target (82 words) at turn 43 — kept as-is, not truncated.
Session macho_meals_fg5_run03 initialised. Participants: Fletcher, Keith, Patrick, Toby
Mode: emergent. Guide sections: 7. Max turns (safety cap): 90
Running opening turn...
  ...step 10, total_turns=11, sections done=1/7
  ...step 20, total_turns=21, sections done=3/7
  ...step 30, total_turns=31, sections done=4/7
  ...step 40, total_turns=41, sections done=5/7
Guide completed naturally after 43 steps (total_turns=44).
Total turns: 44
Sections completed: 7/7
Saved to: C:\Users\JLARA\Documents\Dissertation\my_qualitative_project\output\session_logs\macho_meals_fg5_run03
