Session macho_meals_fg1_run01 initialised. Participants: Amir, David, Ibrahim, Isaiah, Will
Mode: emergent. Guide sections: 7. Max turns (safety cap): 90
Running opening turn...
[moderator_brain] Pydantic validation failed: 1 validation error for ModeratorAPIResponse
utterance
  Input should be a valid string [type=string_type, input_value=None, input_type=NoneType]
    For further information visit https://errors.pydantic.dev/2.13/v/string_type
[participant_agent] Engagement assessment validation failed for mm_fg1_david; defaulting to stay_silent. See api_calls.jsonl for details.
[participant_agent] Engagement assessment validation failed for mm_fg1_will; defaulting to stay_silent. See api_calls.jsonl for details.
  ...step 10, total_turns=11, sections done=1/7
[moderator_brain] Pydantic validation failed: 1 validation error for ModeratorAPIResponse
  Value error, utterance must not be empty for non-silent actions when intervention_mode is speak [type=value_error, input_value={'moderator_decision': {'...from your experience?"}}, input_type=dict]
    For further information visit https://errors.pydantic.dev/2.13/v/value_error
[participant_agent] Engagement assessment validation failed for mm_fg1_amir; defaulting to stay_silent. See api_calls.jsonl for details.
[participant_agent] Engagement assessment validation failed for mm_fg1_will; defaulting to stay_silent. See api_calls.jsonl for details.
[participant_agent] Engagement assessment API call failed for mm_fg1_amir; defaulting to stay_silent.
[participant_agent] Engagement assessment validation failed for mm_fg1_david; defaulting to stay_silent. See api_calls.jsonl for details.
[participant_agent] Engagement assessment validation failed for mm_fg1_david; defaulting to stay_silent. See api_calls.jsonl for details.
  ...step 20, total_turns=21, sections done=3/7
  ...step 30, total_turns=31, sections done=4/7
  ...step 40, total_turns=41, sections done=5/7
Guide completed naturally after 47 steps (total_turns=48).
Total turns: 48
Sections completed: 7/7
Saved to: C:\Users\JLARA\Documents\Dissertation\my_qualitative_project\output\session_logs\macho_meals_fg1_run01
